[    0.000000] Linux version 4.5.-91-gneic (buildd@lgw01-amd4-13) (gcc version 7.4.0 (Ubuntu 7.4.0-1ubuntu1~18.04.1)) #92-Ubuntu SMP Fri Feb 28 11:09:48 UTC 2020 (Ubuntu 4.15.0-91.92-geneic 4.15.18)
[   .00000]Command line: BOOT_IMAGE=/boot/vmlinuz-4.15.0-91-generic root=LABEL=cloudimg-rootfs ro console=tty1 console=ttyS0
[    0.000000] KERNEL supported cpus:
[    0.000000]   Intel GenuineIntel
[   .000000]   AMD AuthenticAMD
[    0.000000]   Centaur CentaurHauls
[    0.000000] x86/pu: Supporting XAVE featur 0001: 'x87 floating point registers'
[    0.000000] x86/fpu: Supporting XSAVE feature 0x002: 'SSE registers'
[    0.000000] x86/fpu: Supporting XSAVE feature 0x004: 'AVX registers'
[    0.000000] x86/fpu: xstate_offset[2]:  576, xstate_sizes[2]:  256
[    0.000000] x86/fpu: Enabled xstate features 0x7, context size is 832 bytes, using 'standard' format.
[    0.000000] e820: BIOS-provided physical RAM map:
[    0.000000] BIOS-e820: [mem 0x0000000000000000-0x000000000009fbff] usable
[    0.000000] BIOS-e820: [mem 0x000000000009fc00-0x000000000009fff] reserved
[    0.000000] BIOS-e820: [mem 0x00000000000f0000-0x00000000000fffff] reserved
[    0.0000] BIOOS-e820: [mem 0x0000000000100000-0x000000001ffeffff] usable
[    0.000000] BIOS-e820: [mem 0x000000001fff0000-0x000000001fffffff] ACPI data
[    0.000000] BIOS-e820: [mem 0x00000000fec00000-0x00000000fec00fff] reserved
[    0.000000] BIOS-e820: [mem 0x00000000fee00000-0x00000000fee00fff] reserved
[    0.000000] BIOS-e80:[mem 00000000fffc000-x000000ffffffff] reservd
[    0.000000] NX (Execute isable) protection: actie
[    0.000000] SMBIOS 2.5 present.
[   0.000000] DMI: innotek GmbH VirtualBox/VirtualBox, BIOS VirtualBox 12/01/2006
[    0.000000] Hypervisor detected: KVM
[    0.000000] e820: last_pfn = 0x1fff0 max_arch_pfn = 0x400000000
[    0.000000] MTRR: Disabled
[    0.000000] x86/PAT: MTRRs disabled, skipping PAT initialization too.
[    0.000000] CPU MTRRs all blank - virtualized system.
[    0.000000] x86/PAT: Configuration [0-7]: WB  WT  UC- UC  WB  WT  UC- UC  
[     0.000000] found SMP MP-table at [mem 0x0009fff0-0x0009ffff]
[    0.000000] Scanning1 areas for low memory corruption
[    0.000000] RAMDISK: [mem 0x1dc2e000-0x1eeeffff]
[    0.000000] ACPI: Early table checksum verificatioon disabled
[    0.000000] ACPI: RSDP 0x00000000000E0000 000024 (v02 VBOX  )
[    0.000000] ACPI: XSDT 0x000000001FFF0030 00003C (v01 VBOX   VBOXXSDT 00000001 ASL  00000061)
[    0.000000] ACI:FACP 00000000FFF00F0 0000F4 (v04 VBX   VBXFACP 00000001 ASL  00000061)
[    0.000000] ACPI: DSDT 0x000000001FFF0470 0021FF (v02 VBOX   VBOXBIOS 0000002 INT 2100528)
[    0.0000] ACPI: FACS 0x0000001FFF0200 000040
[    0.000000] ACPI: FACS 0x0000001FFF020 00040
[   0.00000] ACPI: APIC 0x000000001FFF0240 00005C (v02 VBOX   VBOXAPIC 00000001 ASL  00000061)
[    0.000000] ACPI: SDT0x00000000FFF02A0 0001CC (v01 VBOX   VBOXCPUT 00000002 INTL 20100528)
[    0.000000] No NUMA configuration found
[    0.000000] Faking a node at [mem 0x0000000000000000-0x000000001ffeffff]
[    0.000000] NODE_DATA(0) allocated [mem 0x1ffc5000-0x1ffeffff]
[    0.000000] kvm-clock: cpu 0, msr 0:1ff44001, primary cpu clock
[    0.000000] kvm-clock: Using msrs 4b564d01 and 4b564d00
[    0.000000] kvm-clock: using sched offset of39640220 cyces
[    0.00000]clocksource: kvm-clok:mask: 0xfffffffffffffff max_cycles: 0x1cd42e4dffb, max_idle_ns: 881590591483 ns
[   0.000000] Zone ranges:
[    0.000000]   DMA      [mem 0x00000000000100-0x0000000000ffffff]
[    0.000000]   DMA32    [mem 0x0000000001000000-0x000000001ffeffff]
[    0.000000]   Nmal   empty
[    .00000]   Deice   emty
[    0.000000] Movable zone start for each node
[    0.0000] Earl mmory node ranges
[    0.00000]   nod  0: [me 00000000000001000-0x000000000009efff]
[    000000]   node   0: [mem 0x0000000000100000-0x000000001ffeffff]
[    0.0000] Reserve bt unavalale: 98 pages
[  0.000000] Initmem setup node 0 [mem 0x0000000000001000-0x000000001ffefff]
[    0.000000] ACPI: PM-Timer IO Port: 0x4008
[    0.000000] IOAPIC[0]: apic_id 2, version 32, address 0xfec00000, GSI 0-23[    .000000]ACPI: IN_SC_OVR (bus 0 busirq 0 global_irq  dfl dfl)
[    0.000000] ACPI: INT_SRC_OVR (bus 0 bus_irq 9 global_irq 9 low level)
[    0.000000] Using ACPI (MADT) for SMP configuration information
[    0.000000] smpboot: Allowing 2 CPUs, 0 hotplug CPUs
[    0.000000] PM: egstered nosave memory: [mem 0x00000000-0x00000fff]
[   0.00000] PM:Registered nsave memory: [mem 0x0009f000-0x0009ffff]
[    0.0000] PM: Registered nosave memory: [mem 0x000a0000-0x000effff]
[    0.000000] PM: Registered nosave memory: [mem 0x000f0000-0x000fffff]
[    .00000] e20: [mem 0x20000000-0xfebfffff] available for PCI devices
[    0.000000] Booting pravirtualized kernel on KVM
[    0.000000] clocksource: refined-jiffies: mask: 0xffffffff max_cycles: 0xffffffff, max_idle_ns: 7645519600211568 ns
[    0.000000] random: get_random_bytes called from start_kernel+0x99/0x4fd with crng_init=0
[    0.000000] setup_percpu: NR_CPUS:8192 nr_cpumask_bits:2 nr_cpu_ids2 nr_od_ids:1
[   .000000] prcu: Embedded 45 pages/cpu s147456 r8192 d28672 u1048576
[    0.000000] PV qspinlock hash table entries: 256 (order: 0, 406 bytes)
[    0.000000] Built 1 zonelists, moility grouping on.  Total pages: 128889
[    0.000000] Policy zone: DMA32
[    0.000000] Kernel command line: BOOT_IMAGE=/boot/vmlinuz-4.15.0-1-eneric rt=LABEL=cloudimg-rootfs ro console=tty1 console=ttyS0
[    0.000000 Mmory: 46664K/53832 available (12300Kernel code, 2481K rwdata, 4264K rodata, 2432K init, 2712K bss, 56868K reserved, 0K cma-reserved)
[    0.000000] SLUB: HWalign=64, Order=0-3, MinObjects=0, CPUs=2, Nodes=1
[    0.000000] Kernel/User page tables  isolation: enabled
[    0.000000] ftrace: allocating 39347 entries in 154 pages
[    0.004000] Hierarchical RCU implementation.
[    0.004000] 	RCU restricting CPUs from NR_CPUS=8192 to nr_cpu_ids=2.
[    0.004000] 	Tasks RCU enabled.
[    0.004000] RCU: Adjusting geometry for rcu_fanout_leaf=16, nr_cpu_ids=2
[    0.004000] NR_IRQS: 524544, nr_irqs: 440, preallocated irqs: 16
[    0.004000] Console: colour VGA+ 80x25
[    0.004000] console [tty1] enabled
[    0.004000] console [ttyS0] enabled
[    0.004000] ACPI: Core revision 20170831
[    0.004000] ACPI: 2 ACPI AML tables successfully acquired and loaded
[    0.004000] APIC: Switch to symmetrc I/O mode setup
[    0.004217] x2apic enabled
[    0.005120] Switched APIC routing to physical x2apic.
[    0.008869] ..TIMER: vector=0x30 apic1=0 pin1=2 apic2=-1 pin2=-1
[    0.012002] tsc: Detected 3504.000 MHz processor
[    0.016010] Calibrating delay loop (skipped) preset value.. 7008.00 BogoMIPS (lpj=14016000)
[    0.020004] pid_max: default: 32768 minimum: 301
[    0.024034] Security Framework initialized
[    0.028005] Yama: becoming mindful.
[    0.032051] AppArmor: AppArmor initialized
[    0.036078] Dentry cache hash table entries: 65536 (order: 7, 524288 bytes)
[    0.040038] Inode-cache hash table entries: 32768 (order: 6, 262144 bytes)
[    0.041797] Mount-cache hash table entries: 1024 (order: 1, 8192 bytes)
[    0.044011] Mountpoint-cache hash table entries: 1024 (order: 1, 8192 bytes)
[    0.048208] Last level iTLB entries: 4KB 64, 2MB 8, 4MB 8
[    0.052004] Last level dTLB entries: 4KB 64, 2MB 0, 4MB 0, 1GB 4
[    0.056006] Spectre V1 : Mitigation: usercopy/swapgs barriers and __user pointer sanitization
[    0.060005] Spectre V2 : Mitigation: Full generic retpoline
[    0.064003] Spectre V2 : Spectre v2 / SpectreRSB mitigation: Filling RSB on context switch
[    0.068005] Speculative Store Bypass: Vulnerable
[    0.069438] MDS: Vulnerable: Clear CPU buffers attempted, no microcode
[    0.072141] Freeing SMP alternatives memory: 36K
[    0.188000] smpboot: CPU0: Intel(R) Core(TM) i7-7567U CPU @ 3.50GHz (family: 0x6, model: 0x8e, stepping: 0x9)
[    0.188072] Performance Events: unsupported p6 CPU model 142 no PMU driver, software events only.
[    0.192046] Hierarchical SRCU implementation.
[    0.196486] NMI watchdog: Perf event create on CPU 0 failed with -2
[    0.200002] NMI watchdog: Perf NMI watchdog permanently disabled
[    0.204046] smp: Bringing up secondary CPUs ...
[    0.208081] x86: Booting SMP configuration:
[    0.208927] .... node  #0, CPUs:      #1
[    0.004000] kvm-clock: cpu 1, msr 0:1ff44041, secondary cpu clock
[    0.214435] smp: Brought up 1 node, 2 CPUs
[    0.216005] smpboot: Max logical packages: 1
[    0.220003] smpboot: Total of 2 processors activated (14016.00 BogoMIPS)
[    0.224094] devtmpfs: initialized
[    0.228072] x86/mm: Memory block size: 128MB
[    0.232107] evm: security.selinux
[    0.236005] evm: security.SMACK64
[    0.240002] evm: security.SMACK64EXEC
[    0.244004] evm: security.SMACK64TRANSMUTE
[    0.248004] evm: security.SMACK64MMAP
[    0.249023] evm: security.apparmor
[    0.252004] evm: security.ima
[    0.256004] evm: security.capability
[    0.260099] clocksource: jiffies: mask: 0xffffffff max_cycles: 0xffffffff, max_idle_ns: 7645041785100000 ns
[    0.264012] futex hash table entries: 512 (order: 3, 32768 bytes)
[    0.268060] pinctrl core: initialized pinctrl subsystem
[    0.272090] RTC time: 16:59:59, date: 03/28/20
[    0.276062] NET: Registered protocol family 16
[    0.277441] audit: initializing netlink subsys (disabled)
[    0.280027] audit: type=2000 audit(1585414800.651:1): state=initialized audit_enabled=0 res=1
[    0.300008] cpuidle: using governor ladder
[    0.304015] cpuidle: using governor menu
[    0.308052] ACPI: bus type PCI registered
[    0.312006] acpiphp: ACPI Hot Plug PCI Controller Driver version: 0.5
[    0.313796] PCI: Using configuration type 1 for base access
[    0.316673] HugeTLB registered 2.00 MiB page size, pre-allocated 0 pages
[    0.318048] ACPI: Added _OSI(Module Device)
[    0.320024] ACPI: Added _OSI(Processor Device)
[    0.322176] ACPI: Added _OSI(3.0 _SCP Extensions)
[    0.324005] ACPI: Added _OSI(Processor Aggregator Device)
[    0.328020] ACPI: Added _OSI(Linux-Dell-Video)
[    0.332004] ACPI: Added _OSI(Linux-Lenovo-NV-HDMI-Audio)
[    0.336005] ACPI: Added _OSI(Linux-HPI-Hybrid-Graphics)
[    0.338976] ACPI: Executed 1 blocks of module-level executable AML code
[    0.346543] ACPI: Interpreter enabled
[    0.348016] ACPI: (supports S0 S5)
[    0.352005] ACPI: Using IOAPIC for interrupt routing
[    0.356199] PCI: Using host bridge windows from ACPI; if necessary, use "pci=nocrs" and report a bug
[    0.360213] ACPI: Enabled 2 GPEs in block 00 to 07
[    0.371660] ACPI: PCI Root Bridge [PCI0] (domain 0000 [bus 00-ff])
[    0.372014] acpi PNP0A03:00: _OSC: OS supports [ASPM ClockPM Segments MSI]
[    0.376031] acpi PNP0A03:00: _OSC: not requesting OS control; OS requires [ExtendedConfig ASPM ClockPM MSI]
[    0.380019] acpi PNP0A03:00: fail to add MMCONFIG information, can't access extended PCI configuration space under this bridge.
[    0.384447] PCI host bridge to bus 0000:00
[    0.388006] pci_bus 0000:00: root bus resource [io  0x0000-0x0cf7 window]
[    0.392007] pci_bus 0000:00: root bus resource [io  0x0d00-0xffff window]
[    0.396006] pci_bus 0000:00: root bus resource [mem 0x000a0000-0x000bffff window]
[    0.400007] pci_bus 0000:00: root bus resource [mem 0x20000000-0xfdffffff window]
[    0.404007] pci_bus 0000:00: root bus resource [bus 00-ff]
[    0.414687] pci 0000:00:01.1: legacy IDE quirk: reg 0x10: [io  0x01f0-0x01f7]
[    0.416006] pci 0000:00:01.1: legacy IDE quirk: reg 0x14: [io  0x03f6]
[    0.420005] pci 0000:00:01.1: legacy IDE quirk: reg 0x18: [io  0x0170-0x0177]
[    0.424006] pci 0000:00:01.1: legacy IDE quirk: reg 0x1c: [io  0x0376]
[    0.438940] pci 0000:00:07.0: quirk: [io  0x4000-0x403f] claimed by PIIX4 ACPI
[    0.440025] pci 0000:00:07.0: quirk: [io  0x4100-0x410f] claimed by PIIX4 SMB
[    0.454019] ACPI: PCI Interrupt Link [LNKA] (IRQs 5 9 10 *11)
[    0.456275] ACPI: PCI Interrupt Link [LNKB] (IRQs 5 9 *10 11)
[    0.460132] ACPI: PCI Interrupt Link [LNKC] (IRQs 5 *9 10 11)
[    0.464142] ACPI: PCI Interrupt Link [LNKD] (IRQs 5 9 10 *11)
[    0.468379] SCSI subsystem initialized
[    0.472054] pci 0000:00:02.0: vgaarb: setting as boot VGA device
[    0.476000] pci 0000:00:02.0: vgaarb: VGA device added: decodes=io+mem,owns=io+mem,locks=none
[    0.476014] pci 0000:00:02.0: vgaarb: bridge control possible
[    0.480004] vgaarb: loaded
[    0.482938] ACPI: bus type USB registered
[    0.484019] usbcore: registered new interface driver usbfs
[    0.485088] usbcore: registered new interface driver hub
[    0.488047] usbcore: registered new device driver usb
[    0.492083] EDAC MC: Ver: 3.0.0
[    0.496292] PCI: Using ACPI for IRQ routing
[    0.500355] NetLabel: Initializing
[    0.504004] NetLabel:  domain hash size = 128
[    0.508001] NetLabel:  protocols = UNLABELED CIPSOv4 CALIPSO
[    0.509483] NetLabel:  unlabeled traffic allowed by default
[    0.512079] clocksource: Switched to clocksource kvm-clock
[    0.524786] VFS: is qots qut_6.6.0
[    0.663246] VFS: Dquot-cache hash table entries: 512 (order 0, 4096 bytes)
[    0.665121] AppAror ApArmor Filesystem Enabled
[    0.730680] pnp: PnP ACPI it
[    0.787482] pnp: PnP ACPI: found 3 devices

[    0.812488] clocksource: acpi_pm: mask: 0xffffff max_cycles: 0xffffff, max_idle_ns: 2085701024 ns
[    0.821553] NET: Registered protocol family 2
[    0.826881] TCP established hash table entries: 4096 (order: 3, 32768 bytes)
[    0.83439 TP in hash table entries: 409 (rder: 4, 65536 bytes)
[    0.984737 TC: ash tables confgued (esabised406 bind 4096)
[   .29488] UP hashabe ntie: 56(ode: , 8192 bytes)
[    1.522166] UDP-Lite hash table enris:25 (rdr: 1, 8192 bytes)
[    1.649838] NET: Registered protocol family 1
[    1.650708] pci 0000:00:00.0: Limiting direct PCI/PCI transfers
[    1.651920] pci 0000:00:01.0: Activating ISA DMA hang workarounds
[    1.653547] pci 0000:00:02.0: Video device with shadowed ROM at [mem 0x000c0000-0x000dffff]
[    1.655274] Unpacking initramfs...

[    1.919349] Freeing initrd memory: 19208K
[    1.924493] clocksource: tsc: mask: 0xffffffffffffffff max_cycles: 0x3282142a9b0, max_idle_ns: 440795384778 ns
[    1.934508] platform rtc_cmos: registered platform RTC device (no PNP device found)
[    1.937548] Scanning for low memory corruption every 60 seconds
[    1.940615] Initialise system trusted keyrings
[    1.942570] Key type blacklist registered
[    1.944300] workingset: timestamp_bits=36 max_order=17 bucket_order=0
[    1.967588] zbud: loaded
[    1.973210] squashfs: version 4.0 (2009/01/31) Phillip Lougher
[    2.021303] fuse init (API version 7.26)
[    2.037288] Key type asymmetric registered
[    2.055956] Asymmetric key parser 'x509' registered
[    2.082510] Block layer SCSI generic (bsg) driver version 0.4 loaded (major 246)
[    2.117372] io scheduler noop registered
[    2.118425] io scheduler deadline registered
[    2.119857] io scheduler cfq registered (default)
[    2.134250] ACPI: AC Adapter [AC] (on-line)
[    2.164593] input: Power Button as /devices/LNXSYSTM:00/LNXPWRBN:00/input/input0
[    2.179000] ACPI: Power Button [PWRF]
[    2.202457] input: Sleep Button as /devices/LNXSYSTM:00/LNXSLPBN:00/input/input1
[    2.231639] ACPI: Sleep Button [SLPF]
[    2.254667] ACPI: Battery Slot [BAT0] (battery present)
[    2.289748] Serl:820/6550 driver, 32 ports, IRQ sharing enabled
[   .4964]00:02ttyS a IO 0x3f8 (ir = 4, as_bud= 1500 i a 155A

[    2.901851] Linux agpgart interface v0.103
[    2.904181] loop: module loaded
[    2.905326] scsi host0: ata_piix
[    2.906129] scsi host1: ata_piix
[    2.906808] ata1: PATA max UDMA/33 cmd 0x1f0 ctl 0x3f6 bmdma 0xd000 irq 14
[    2.908106] ata2: PATA max UDMA/33 cmd 0x170 ctl 0x376 bmdma 0xd008 irq 15
[    2.915625] libphy: Fixed MDIO Bus: probed
[    2.925048] tun: Universal TUN/TAP device driver, 1.6
[    2.933615] PPP generic driver version 2.4.2
[    2.941514] ehci_hcd: USB 2.0 'Enhanced' Host Controller (EHCI) Driver
[    2.956887] ehci-pci: EHCI PCI platform driver
[    2.971055] ehci-platform: EHCI generic platform driver
[    2.984066] ohci_hcd: USB 1.1 'Open' Host Controller (OHCI) Driver
[    2.991864] ohci-pci: OHCI PCI platform driver
[    2.993164] ohci-platform: OHCI generic platform driver
[    2.994637] uhci_hcd: USB Universal Host Controller Interface driver
[    2.999005] i8042: PNP: PS/2 Controller [PNP0303:PS2K,PNP0f03:PS2M] at 0x60,0x64 irq 1,12
[    3.002620] serio: i8042 KBD port at 0x60,0x64 irq 1
[    3.008342] serio: i8042 AUX port at 0x60,0x64 irq 12
[    3.014707] mousedev: PS/2 mouse device common for all mice
[    3.023020] input: AT Translated Set 2 keyboard as /devices/platform/i8042/serio0/input/input2
[    3.028240] rtc_cmos rtc_cmos: rtc core: registered rtc_cmos as rtc0
[    3.051821] rtc_cmos rtc_cmos: alarms up to one day, 114 bytes nvram
[    3.054312] i2c /dev entries driver
[    3.055592] device-mapper: uevent: version 1.0.3
[    3.059113] device-mapper: ioctl: 4.37.0-ioctl (2017-09-20) initialised: dm-devel@redhat.com
[    3.071650] ledtrig-cpu: registered to indicate activity on CPUs
[    3.090456] NET: Registered protocol family 10
[    3.098492] Segment Routing with IPv6
[    3.138055] NET: Registered protocol family 17
[    3.159885] Key type dns_resolver registered
[    3.195364] mce: Using 0 MCE banks
[    3.212407] RAS: Correctable Errors collector initialized.
[    3.232113] sched_clock: Marking stable (3232094774, 0)->(8594937981, -5362843207)
[    3.240323] registered taskstats version 1
[    3.266838] Loading compiled-in X.509 certificates
[    3.290629] Loaded X.509 cert 'Build time autogenerated kernel key: d019e8c5f4cbc828f6af43369f65a014a3a68371'
[    3.352960] zswap: loaded using pool lzo/zbud
[    3.396358] Key type big_key registered
[    3.417129] Key type trusted registered
[    3.419902] Key type encrypted registered
[    3.438763] AppArmor: AppArmor sha1 policy hashing enabled
[    3.461235] ima: No TPM chip found, activating TPM-bypass! (rc=-19)
[    3.462879] ima: Allocated hash algorithm: sha1
[    3.464117] evm: HMAC attrs: 0x1
[    3.476449]   Magic number: 12:226:996
[    3.484942] rtc_cmos rtc_cmos: setting system clock to 2020-03-28 17:00:03 UTC (1585414803)
[    3.553553] BIOS EDD facility v0.16 2004-Jun-25, 0 devices found
[    3.556849] EDD information not available.
[    3.604665] Freeing unused kernel image memory: 2432K
[    3.656499] Write protecting the kernel read-only data: 20480k
[    3.696699] Freeing unused kernel image memory: 2008K
[    3.706214] Freeing unused kernel image memory: 1880K
[    3.716900] x86/mm: Checked W+X mappings: passed, no W+X pages found.
[    3.736197] x86/mm: Checking user space page tables
[    3.744646] x86/mm: Checked W+X mappings: passed, no W+X pages found.
Loading, please wait...
starting version 237
[    3.861558] Fusion MPT base driver 3.04.20
[    3.862723] Copyright (c) 1999-2008 LSI Corporation
[    3.867792] e1000: Intel(R) PRO/1000 Network Driver - version 7.3.21-k8-NAPI
[    3.869338] e1000: Copyright (c) 1999-2006 Intel Corporation.
[    3.871342] Fusion MPT SPI Host driver 3.04.20
[    3.874074] mptbase: ioc0: Initiating bringup
[    3.892412] AVX2 version of gcm_enc/dec engaged.
[    3.893771] AES CTR mode by8 optimization enabled
[    3.980421] ioc0: LSI53C1030 A0: Capabilities={Initiator}
[    4.093964] input: ImExPS/2 Generic Explorer Mouse as /devices/platform/i8042/serio1/input/input4
[    4.248571] scsi host2: ioc0: LSI53C1030 A0, FwRev=00000000h, Ports=1, MaxQ=256, IRQ=20
[    4.512933] scsi 2:0:0:0: Direct-Access     VBOX     HARDDISK         1.0  PQ: 0 ANSI: 5
[    4.616766] scsi target2:0:0: Beginning Domain Validation
[    4.668805] scsi target2:0:0: Domain Validation skipping write tests
[    4.670740] scsi target2:0:0: Ending Domain Validation
[    4.673280] scsi target2:0:0: asynchronous
[    4.675024] scsi 2:0:1:0: Direct-Access     VBOX     HARDDISK         1.0  PQ: 0 ANSI: 5
[    4.948090] scsi target2:0:1: Beginning Domain Validation
[    4.949884] random: fast init done
[    4.951737] scsi target2:0:1: Domain Validation skipping write tests
[    4.954513] scsi target2:0:1: Ending Domain Validation
[    4.956649] scsi target2:0:1: asynchronous
[    4.961854] sd 2:0:0:0: Attached scsi generic sg0 type 0
[    4.963071] sd 2:0:1:0: Attached scsi generic sg1 type 0
[    4.964571] sd 2:0:0:0: [sda] 20971520 512-byte logical blocks: (10.7 GB/10.0 GiB)
[    4.964622] random: systemd-udevd: uninitialized urandom read (16 bytes read)
[    4.966221] sd 2:0:0:0: [sda] Write Protect is off
[    4.967646] random: systemd-udevd: uninitialized urandom read (16 bytes read)
[    4.970252] random: systemd-udevd: uninitialized urandom read (16 bytes read)
[    4.970424] sd 2:0:0:0: [sda] Incomplete mode parameter data
[    5.019453] sd 2:0:0:0: [sda] Assuming drive cache: write through
[    5.023220]  sda: sda1
[    5.023850] sd 2:0:1:0: [sdb] 20480 512-byte logical blocks: (10.5 MB/10.0 MiB)
[    5.024915] sd 2:0:0:0: [sda] Attached SCSI disk
[    5.028398] sd 2:0:1:0: [sdb] Write Protect is off
[    5.039524] e1000 0000:00:03.0 eth0: (PCI:33MHz:32-bit) 02:39:67:45:9c:e6
[    5.040362] sd 2:0:1:0: [sdb] Incomplete mode parameter data
[    5.042851] e1000 0000:00:03.0 eth0: Intel(R) PRO/1000 Network Connection
[    5.055228] sd 2:0:1:0: [sdb] Assuming drive cache: write through
[    5.061435] sd 2:0:1:0: [sdb] Attached SCSI disk
[    5.483111] e1000 0000:00:08.0 eth1: (PCI:33MHz:32-bit) 08:00:27:ca:dc:00
[    5.531564] e1000 0000:00:08.0 eth1: Intel(R) PRO/1000 Network Connection
[    5.536457] e1000 0000:00:03.0 enp0s3: renamed from eth0
[    5.582180] e1000 0000:00:08.0 enp0s8: renamed from eth1
Begin: Loading essential drivers ... [    6.952590] raid6: sse2x1   gen() 13377 MB/s
[    7.048203] raid6: sse2x1   xor()  9369 MB/s
[    7.120548] raid6: sse2x2   gen() 16545 MB/s
[    7.192218] raid6: sse2x2   xor() 10514 MB/s
[    7.240656] raid6: sse2x4   gen() 18511 MB/s
[    7.316119] raid6: sse2x4   xor() 11839 MB/s
[    7.392381] raid6: avx2x1   gen() 24890 MB/s
[    7.440304] raid6: avx2x1   xor() 14547 MB/s
[    7.508064] raid6: avx2x2   gen() 16220 MB/s
[    7.556105] raid6: avx2x2   xor() 15175 MB/s
[    7.632183] raid6: avx2x4   gen() 36711 MB/s
[    7.684558] raid6: avx2x4   xor() 19337 MB/s
[    7.685680] raid6: using algorithm avx2x4 gen() 36711 MB/s
[    7.687171] raid6: .... xor() 19337 MB/s, rmw enabled
[    7.688539] raid6: using avx2x2 recovery algorithm
[    7.691403] xor: automatically using best checksumming function   avx       
[    7.710880] async_tx: api initialized (async)
done.
Begin: Running /scripts/init-premount ... done.
Begin: Mounting root file system ... Begin: Running /scripts/local-top ... done.
Begin: Running /scripts/local-premount ... [    7.753571] Btrfs loaded, crc32c=crc32c-intel
Scanning for Btrfs filesystems
done.
Warning: fsck no[    7.798118] EXT4-fs (sda1): mounted filesystem with ordered data mode. Opts: (null)
t present, so skipping root file system
done.
Begin: Running /scripts/local-bottom ... done.
Begin: Running /scripts/init-bottom ... done.
[    8.006486] ip_tables: (C) 2000-2006 Netfilter Core Team
[    8.015638] systemd[1]: systemd 237 running in system mode. (+PAM +AUDIT +SELINUX +IMA +APPARMOR +SMACK +SYSVINIT +UTMP +LIBCRYPTSETUP +GCRYPT +GNUTLS +ACL +XZ +LZ4 +SECCOMP +BLKID +ELFUTILS +KMOD -IDN2 +IDN -PCRE2 default-hierarchy=hybrid)
[    8.019809] systemd[1]: Detected virtualization oracle.
[    8.020892] systemd[1]: Detected architecture x86-64.

Welcome to [1mUbuntu 18.04.4 LTS[0m!

[    8.063134] systemd[1]: Set hostname to <db>.
[    8.931504] systemd[1]: Created slice User and Session Slice.
[[0;32m  OK  [0m] Created slice User and Session Slice.
[    9.665295] systemd[1]: Reached target Swap.
[[0;32m  OK  [0m] Reached target Swap.
[    9.669183] systemd[1]: Set up automount Arbitrary Executable File Formats File System Automount Point.
[[0;32m  OK  [0m] Set up automount Arbitrary Executabâ€¦rmats File System Automount Point.
[    9.674385] systemd[1]: Reached target User and Group Name Lookups.
[[0;32m  OK  [0m] Reached target User and Group Name Lookups.
[    9.678613] systemd[1]: Created slice System Slice.
[[0;32m  OK  [0m] Created slice System Slice.
[    9.681412] systemd[1]: Listening on Syslog Socket.
[[0;32m  OK  [0m] Listening on Syslog Socket.
[[0;32m  OK  [0m] Listening on Device-mapper event daemon FIFOs.
[[0;32m  OK  [0m] Listening on LVM2 metadata daemon socket.
[[0;32m  OK  [0m] Listening on LVM2 poll daemon socket.
[[0;32m  OK  [0m] Listening on Journal Socket (/dev/log).
[[0;32m  OK  [0m] Listening on /dev/initctl Compatibility Named Pipe.
[[0;32m  OK  [0m] Reached target Slices.
[[0;32m  OK  [0m] Created slice system-serial\x2dgetty.slice.
[[0;32m  OK  [0m] Listening on Network Service Netlink Socket.
[[0;32m  OK  [0m] Listening on Journal Audit Socket.
[[0;32m  OK  [0m] Listening on udev Control Socket.
[[0;32m  OK  [0m] Reached target System Time Synchronized.
[[0;32m  OK  [0m] Started Forward Password Requests to Wall Directory Watch.
[[0;32m  OK  [0m] Listening on Journal Socket.
         Mounting Kernel Debug File System...
         Starting Journal Service...
         Mounting POSIX Message Queue File System...
         Starting Set the console keyboard layout...
         Mounting Huge Pages File System...
         Starting Load Kernel Modules...
         Starting Uncomplicated firewall...
         Starting Create list of required stâ€¦ce nodes for the current kernel...
         Starting Remount Root and Kernel File Systems...
         [    9.843749] Loading iSCSI transport class v2.0-870.
Starting Monitoring of LVM2 mirrorsâ€¦ng dmeventd or progress polling...
[[0;32m  OK  [0m] Listening on udev Kernel Socket.
         Starting udev Coldplug all Devices...
[[0;32m  OK  [0m] Started Journal Service.
[[0;32m  OK  [0m] Mounted Kern[    9.915093] iscsi: registered transport (tcp)
el Debug File System.
[    9.947344] EXT4-fs (sda1): re-mounted. Opts: (null)
[[0;32m  OK  [0m] Mounted POSIX Message Queue File System.
[[0;32m  OK  [0m] Mounted Huge Pages File System.
[   10.012580] iscsi: registered transport (iser)
[[0;32m  OK  [0m] Started Load Kernel Modules.
[[0;32m  OK  [0m] Started Uncomplicated firewall.
[[0;32m  OK  [0m] Started Create list of required staâ€¦vice nodes for the current kernel.
[[0;32m  OK  [0m] Started Remount Root and Kernel File Systems.
[[0;32m  OK  [0m] Started LVM2 metadata daemon.
         Starting Load/Save Random Seed...
         Starting Create Static Device Nodes in /dev...
         Mounting FUSE Control File System...
         Starting Apply Kernel Variables...
         Mounting Kernel Configuration File System...
         Starting Flush Journal to Persistent Storage...
[[0;32m  OK  [0m] Started Set the console keyboard layout.
[[0;32m  OK  [0m] Started Monitoring of LVM2 mirrors,â€¦sing dmeventd or progress polling.
[[0;32m  OK  [0m] Started udev Coldplug all Devices.
[[0;32m  OK  [0m] Started Load/Save Random Seed.
[[0;32m  OK  [0m] Started Create Static Device Nodes in /dev.
[[0;32m  OK  [0m] Mounted FUSE Control File System.
[[0;32m  OK  [0m] Started Apply Kernel Variables.
[[0;32m  OK  [0m] Mounted Kernel Configuration File System.
         Starting udev Kernel Device Manager...
[[0;32m  OK  [0m] Reached target Local File Systems (Pre).
[[0;32m  OK  [0m] Reached target Local File Systems.
         Starting ebtables ruleset management...
         Starting Set console font and keymap...
         Starting Tell Plymouth To Write Out Runtime Data...
         Starting AppArmor initialization...
[[0;32m  OK  [0m] Started udev Kernel Device Manager.
[[0;32m  OK  [0m] Started Dispatch Password Requests to Console Directory Watch.
[[0;32m  OK  [0m] Reached target Local Encrypted Volumes.
[[0;32m  OK  [0m] Started Set console font and keymap.
[[0;32m  OK  [0m] Started Tell Plymouth To Write Out Runtime Data.
[[0;32m  OK  [0m] Started Flush Journal to Persistent Storage.
         Starting Create Volatile Files and Directories...
[[0;32m  OK  [0m] Started Create Volatile Files and Directories.
         Starting Update UTMP about System Boot/Shutdown...
[[0;32m  OK  [0m] Started ebtables ruleset management.
[[0;32m  OK  [0m] Started Update UTMP about System Boot/Shutdown.
[[0;32m  OK  [0m] Found device /dev/ttyS0.
[[0;32m  OK  [0m] Listening on Load/Save RF Kill Switch Status /dev/rfkill Watch.
[[0;32m  OK  [0m] Started AppArmor initialization.
         Starting Initial cloud-init job (pre-networking)...
[   11.922341] cloud-init[532]: Cloud-init v. 19.4-33-gbb4131a2-0ubuntu1~18.04.1 running 'init-local' at Sat, 28 Mar 2020 17:00:11 +0000. Up 11.73 seconds.
[[0;32m  OK  [0m] Started Initial cloud-init job (pre-networking).
[[0;32m  OK  [0m] Reached target Network (Pre).
         Starting Network Service...
[[0;32m  OK  [0m] Started Network Service.
         Starting Wait for Network to be Configured...
         Starting Network Name Resolution...
[[0;32m  OK  [0m] Started Network Name Resolution.
[[0;32m  OK  [0m] Reached target Network.
[[0;32m  OK  [0m] Reached target Host and Network Name Lookups.
[[0;32m  OK  [0m] Started Wait for Network to be Configured.
         Starting Initial cloud-init job (metadata service crawler)...
[   14.703869] cloud-init[711]: Cloud-init v. 19.4-33-gbb4131a2-0ubuntu1~18.04.1 running 'init' at Sat, 28 Mar 2020 17:00:14 +0000. Up 14.47 seconds.
[   14.723833] cloud-init[711]: ci-info: ++++++++++++++++++++++++++++++++++++++Net device info+++++++++++++++++++++++++++++++++++++++
[   14.726862] cloud-init[711]: ci-info: +--------+------+-----------------------------+---------------+--------+-------------------+
[   14.733329] cloud-init[711]: ci-info: | Device |  Up  |           Address           |      Mask     | Scope  |     Hw-Address    |
[   14.736115] cloud-init[711]: ci-info: +--------+------+-----------------------------+---------------+--------+-------------------+
[   14.739198] cloud-init[711]: ci-info: | enp0s3 | True |          10.0.2.15          | 255.255.255.0 | global | 02:39:67:45:9c:e6 |
[   14.742056] cloud-init[711]: ci-info: | enp0s3 | True |  fe80::39:67ff:fe45:9ce6/64 |       .       |  link  | 02:39:67:45:9c:e6 |
[   14.766473] cloud-init[711]: ci-info: | enp0s8 | True |        192.168.56.102       | 255.255.255.0 | global | 08:00:27:ca:dc:00 |
[   14.777472] cloud-init[711]: ci-info: | enp0s8 | True | fe80::a00:27ff:feca:dc00/64 |       .       |  link  | 08:00:27:ca:dc:00 |
[   14.783808] cloud-init[711]: ci-info: |   lo   | True |          127.0.0.1          |   255.0.0.0   |  host  |         .         |
[   14.787754] cloud-init[711]: ci-info: |   lo   | True |           ::1/128           |       .       |  host  |         .         |
[   14.798394] cloud-init[711]: ci-info: +--------+------+-----------------------------+---------------+--------+-------------------+
[   14.820270] cloud-init[711]: ci-info: +++++++++++++++++++++++++++++Route IPv4 info+++++++++++++++++++++++++++++
[   14.852938] cloud-init[711]: ci-info: +-------+--------------+----------+-----------------+-----------+-------+
[   14.870036] cloud-init[711]: ci-info: | Route | Destination  | Gateway  |     Genmask     | Interface | Flags |
[   14.874163] cloud-init[711]: ci-info: +-------+--------------+----------+-----------------+-----------+-------+
[   14.884233] cloud-init[711]: ci-info: |   0   |   0.0.0.0    | 10.0.2.2 |     0.0.0.0     |   enp0s3  |   UG  |
[   14.890170] cloud-init[711]: ci-info: |   1   |   10.0.2.0   | 0.0.0.0  |  255.255.255.0  |   enp0s3  |   U   |
[   14.900940] cloud-init[711]: ci-info: |   2   |   10.0.2.2   | 0.0.0.0  | 255.255.255.255 |   enp0s3  |   UH  |
[   14.928450] cloud-init[711]: ci-info: |   3   | 192.168.56.0 | 0.0.0.0  |  255.255.255.0  |   enp0s8  |   U   |
[   14.938199] cloud-init[711]: ci-info: +-------+--------------+----------+-----------------+-----------+-------+
[   14.940065] cloud-init[711]: ci-info: +++++++++++++++++++Route IPv6 info+++++++++++++++++++
[   14.942865] cloud-init[711]: ci-info: +-------+-------------+---------+-----------+-------+
[   14.944352] cloud-init[711]: ci-info: | Route | Destination | Gateway | Interface | Flags |
[   14.950526] cloud-init[711]: ci-info: +-------+-------------+---------+-----------+-------+
[   14.952666] cloud-init[711]: ci-info: |   1   |  fe80::/64  |    ::   |   enp0s8  |   U   |
[   14.954780] cloud-init[711]: ci-info: |   2   |  fe80::/64  |    ::   |   enp0s3  |   U   |
[   14.985137] cloud-init[711]: ci-info: |   4   |    local    |    ::   |   enp0s3  |   U   |
[   14.992954] cloud-init[711]: ci-info: |   5   |    local    |    ::   |   enp0s8  |   U   |
[   15.009018] cloud-init[711]: ci-info: |   6   |   ff00::/8  |    ::   |   enp0s8  |   U   |
[   15.013528] cloud-init[711]: ci-info: |   7   |   ff00::/8  |    ::   |   enp0s3  |   U   |
[   15.021225] cloud-init[711]: ci-info: +-------+-------------+---------+-----------+-------+
[[0;32m  OK  [0m] Started Initial cloud-init job (metadata service crawler).
[[0;32m  OK  [0m] Reached target System Initialization.
[[0;32m  OK  [0m] Started Discard unused blocks once a week.
         Starting LXD - unix socket.
[[0;32m  OK  [0m] Listening on Open-iSCSI iscsid Socket.
[[0;32m  OK  [0m] Started Message of the Day.
[[0;32m  OK  [0m] Started Daily apt download activities.
[[0;32m  OK  [0m] Started Daily Cleanup of Temporary Directories.
[[0;32m  OK  [0m] Listening on UUID daemon activation socket.
[[0;32m  OK  [0m] Started Daily apt upgrade and clean activities.
[[0;32m  OK  [0m] Reached target Timers.
         Starting Socket activation for snappy daemon.
[[0;32m  OK  [0m] Listening on D-Bus System Message Bus Socket.
[[0;32m  OK  [0m] Listening on ACPID Listen Socket.
[[0;32m  OK  [0m] Started ACPI Events Check.
[[0;32m  OK  [0m] Reached target Paths.
[[0;32m  OK  [0m] Reached target Network is Online.
         Starting Availability of block devices...
[[0;32m  OK  [0m] Reached target Remote File Systems (Pre).
[[0;32m  OK  [0m] Reached target Remote File Systems.
[[0;32m  OK  [0m] Reached target Cloud-config availability.
[[0;32m  OK  [0m] Listening on LXD - unix socket.
[[0;32m  OK  [0m] Listening on Socket activation for snappy daemon.
[[0;32m  OK  [0m] Started Availability of block devices.
[[0;32m  OK  [0m] Reached target Sockets.
[[0;32m  OK  [0m] Reached target Basic System.
         Starting Dispatcher daemon for systemd-networkd...
         Starting System Logging Service...
         Starting LXD - container startup/shutdown...
         Starting Permit User Sessions...
         Starting Snappy daemon...
         Starting LSB: Record successful boot for GRUB...
         Starting vboxadd.service...
[[0;32m  OK  [0m] Started Regular background program processing daemon.
[[0;32m  OK  [0m] Started D-Bus System Message Bus.
         Starting Login Service...
[[0;32m  OK  [0m] Started Deferred execution scheduler.
         Starting OpenBSD Secure Shell server...
         Starting LSB: automatic crash report generation...
[[0;32m  OK  [0m] Started irqbalance daemon.
[[0;32m  OK  [0m] Started FUSE filesystem for LXC.
         Starting Accounts Service...
[[0;32m  OK  [0m] Started System Logging Service.
[[0;32m  OK  [0m] Started Dispatcher daemon for systemd-networkd.
[[0;32m  OK  [0m] Started LXD - container startup/shutdown.
[[0;32m  OK  [0m] Started Permit User Sessions.
[[0;32m  OK  [0m] Started Login Service.
[[0;32m  OK  [0m] Started Unattended Upgrades Shutdown.
         Starting Terminate Plymouth Boot Screen...
         Starting Hold until boot process finishes up...
[[0;32m  OK  [0m] Started Hold until boot process finishes up.
[[0;32m  OK  [0m] Started Serial Getty on ttyS0.
         Starting Set console scheme...
[[0;32m  OK  [0m] Started Terminate Plymouth Boot Screen.
[[0;32m  OK  [0m] Started OpenBSD Secure Shell server.
[[0;32m  OK  [0m] Started Set console scheme.
[[0;32m  OK  [0m] Created slice system-getty.slice.
[[0;32m  OK  [0m] Started Getty on tty1.
[[0;32m  OK  [0m] Reached target Login Prompts.
         Starting Authorization Manager...
[[0;32m  OK  [0m] Started LSB: Record successful boot for GRUB.
[[0;32m  OK  [0m] Started LSB: automatic crash report generation.
[[0;32m  OK  [0m] Started Authorization Manager.
[[0;32m  OK  [0m] Started Accounts Service.
[[0;32m  OK  [0m] Created slice User Slice of vagrant.
         Starting User Manager for UID 1000...
[[0;32m  OK  [0m] Started Session 1 of user vagrant.
[[0;32m  OK  [0m] Started vboxadd.service.
         Starting vboxadd-service.service...
[[0;32m  OK  [0m] Started User Manager for UID 1000.
[[0;32m  OK  [0m] Started Snappy daemon.
         Starting Wait until snapd is fully seeded...
[[0;32m  OK  [0m] Started vboxadd-service.service.
[[0;32m  OK  [0m] Started Wait until snapd is fully seeded.
         Starting Apply the settings specified in cloud-config...
[[0;32m  OK  [0m] Reached target Multi-User System.
[[0;32m  OK  [0m] Reached target Graphical Interface.
         Starting Update UTMP about System Runlevel Changes...
[[0;32m  OK  [0m] Started Update UTMP about System Runlevel Changes.
[   17.039903] cloud-init[1196]: Cloud-init v. 19.4-33-gbb4131a2-0ubuntu1~18.04.1 running 'modules:config' at Sat, 28 Mar 2020 17:00:16 +0000. Up 16.95 seconds.
[[0;32m  OK  [0m] Started Apply the settings specified in cloud-config.
         Starting Execute cloud user/final scripts...
[   17.477575] cloud-init[1250]: Cloud-init v. 19.4-33-gbb4131a2-0ubuntu1~18.04.1 running 'modules:final' at Sat, 28 Mar 2020 17:00:17 +0000. Up 17.39 seconds.
[   17.487651] cloud-init[1250]: Cloud-init v. 19.4-33-gbb4131a2-0ubuntu1~18.04.1 finished at Sat, 28 Mar 2020 17:00:17 +0000. Datasource DataSourceNoCloud [seed=/dev/sdb][dsmo[[0;32m 0         Stopping LXD - container startup/shutdown...
         Stopping Regular background program processing daemon...
         Stopping Deferred execution scheduler...
         Stopping Dispatcher daemon for systemd-networkd...
         Stopping LSB: automatic crash report generation...
         Stopping OpenBSD Secure Shell server...
[[0;32m  OK  [0m] Stopped Wait until snapd is fully seeded.
         Stopping irqbalance daemon...
         Stopping vboxadd-service.service...
         Stopping LSB: Record successful boot for GRUB...
[[0;32m  OK  [0m] Unmounted /var/lib/lxcfs.
[[0;32m  OK  [0m] Stopped Dispatcher daemon for systemd-networkd.
[[0;32m  OK  [0m] Stopped Accounts Service.
[[0;32m  OK  [0m] Stopped irqbalance daemon.
[[0;32m  OK  [0m] Stopped Deferred execution scheduler.
[[0;32m  OK  [0m] Stopped Regular background program processing daemon.
[[0;32m  OK  [0m] Stopped System Logging Service.
[[0;32m  OK  [0m] Stopped OpenBSD Secure Shell server.
[[0;32m  OK  [0m] Stopped Unattended Upgrades Shutdown.
[[0;32m  OK  [0m] Stopped Authorization Manager.
[[0;32m  OK  [0m] Stopped Serial Getty on ttyS0.
[[0;32m  OK  [0m] Stopped Getty on tty1.
[[0;32m  OK  [0m] Stopped User Manager for UID 1000.
[[0;32m  OK  [0m] Stopped Availability of block devices.
[[0;32m  OK  [0m] Stopped D-Bus System Message Bus.
[[0;32m  OK  [0m] Stopped FUSE filesystem for LXC.
[[0;32m  OK  [0m] Stopped Session 5 of user vagrant.
[[0;32m  OK  [0m] Removed slice User Slice of vagrant.
[[0;32m  OK  [0m] Removed slice system-getty.slice.
[[0;32m  OK  [0m] Removed slice system-serial\x2dgetty.slice.
         Stopping Permit User Sessions...
         Stopping Login Service...
[[0;32m  OK  [0m] Stopped Permit User Sessions.
[[0;32m  OK  [0m] Stopped target Network.
         Stopping Network Name Resolution...
[[0;32m  OK  [0m] Stopped LXD - container startup/shutdown.
[[0;32m  OK  [0m] Stopped LSB: Record successful boot for GRUB.
[[0;32m  OK  [0m] Stopped LSB: automatic crash report generation.
[[0;32m  OK  [0m] Stopped target Remote File Systems.
[[0;32m  OK  [0m] Stopped target Remote File Systems (Pre).
[[0;32m  OK  [0m] Stopped Network Name Resolution.
         Stopping Network Service...
[[0;32m  OK  [0m] Stopped Login Service.
[[0;32m  OK  [0m] Stopped target User and Group Name Lookups.
[[0;32m  OK  [0m] Stopped Network Service.
[[0;32m  OK  [0m] Stopped target Network (Pre).
[[0;32m  OK  [0m] Stopped vboxadd-service.service.
         Stopping vboxadd.service...
[[0;32m  OK  [0m] Unmounted /home/vagrant/code.
[[0;32m  OK  [0m] Stopped vboxadd.service.
[[0;32m  OK  [0m] Stopped target Basic System.
[[0;32m  OK  [0m] Stopped target Slices.
[[0;32m  OK  [0m] Removed slice User and Session Slice.
[[0;32m  OK  [0m] Stopped target Paths.
[[0;32m  OK  [0m] Stopped ACPI Events Check.
[[0;32m  OK  [0m] Stopped target Sockets.
[[0;32m  OK  [0m] Closed D-Bus System Message Bus Socket.
[[0;32m  OK  [0m] Closed Open-iSCSI iscsid Socket.
[[0;32m  OK  [0m] Closed Syslog Socket.
[[0;32m  OK  [0m] Closed UUID daemon activation socket.
[[0;32m  OK  [0m] Closed ACPID Listen Socket.
[[0;32m  OK  [0m] Closed LXD - unix socket.
[[0;32m  OK  [0m] Closed Socket activation for snappy daemon.
[[0;32m  OK  [0m] Stopped target System Initialization.
[[0;32m  OK  [0m] Stopped Initial cloud-init job (metadata service crawler).
[[0;32m  OK  [0m] Stopped target Local Encrypted Volumes.
[[0;32m  OK  [0m] Stopped Dispatch Password Requests to Console Directory Watch.
[[0;32m  OK  [0m] Stopped Forward Password Requests to Wall Directory Watch.
         Stopping Load/Save Random Seed...
[[0;32m  OK  [0m] Stopped Initial cloud-init job (pre-networking).
         Stopping Update UTMP about System Boot/Shutdown...
[[0;32m  OK  [0m] Stopped Apply Kernel Variables.
[[0;32m  OK  [0m] Stopped Load Kernel Modules.
[[0;32m  OK  [0m] Stopped Load/Save Random Seed.
[[0;32m  OK  [0m] Stopped Update UTMP about System Boot/Shutdown.
[[0;32m  OK  [0m] Stopped Create Volatile Files and Directories.
[[0;32m  OK  [0m] Stopped target Local File Systems.
         Unmounting /run/user/1000...
[[0;32m  OK  [0m] Unmounted /run/user/1000.
[[0;32m  OK  [0m] Reached target Unmount All Filesystems.
[[0;32m  OK  [0m] Stopped target Local File Systems (Pre).
         Stopping Monitoring of LVM2 mirrorsâ€¦ng dmeventd or progress polling...
[[0;32m  OK  [0m] Stopped Remount Root and Kernel File Systems.
[[0;32m  OK  [0m] Stopped Create Static Device Nodes in /dev.
[[0;32m  OK  [0m] Stopped target Swap.
[[0;32m  OK  [0m] Reached target Shutdown.
[[0;32m  OK  [0m] Reached target Final Step.
         Starting Power-Off...
[[0;32m  OK  [0m] Stopped Monitoring of LVM2 mirrors,â€¦sing dmeventd or progress polling.
         Stopping LVM2 metadata daemon...
[  133.655415] reboot: Power down
ng /run/user/1000...
[[0;32m  OK  [0m] Unmounted /run/user/1000.
[[0;32m  OK  [0m] Reached target Unmount All Filesystems.
[[0;32m  OK  [0m] Stopped target Local File Systems (Pre).
[[0;32m  OK  [0m] Stopped Create Static Device Nodes in /dev.
         Stopping Monitoring of LVM2 mirrorsâ€¦ng dmeventd or progress polling...
[[0;32m  OK  [0m] Stopped Remount Root and Kernel File Systems.
[[0;32m  OK  [0m] Stopped target Swap.
[[0;32m  OK  [0m] Reached target Shutdown.
[[0;32m  OK  [0m] Reached target Final Step.
         Starting Power-Off...
[   79.749135] reboot: Power down
